// Vitest Snapshot v1, https://vitest.dev/guide/snapshot.html

exports[`frozen bank and answer identity > retains all 14 fixed and nine follow-up questions, text, identities and display order 1`] = `
{
  "displayOrderVersion": "counterbalance-v1",
  "questions": [
    {
      "kind": "fixed",
      "options": [
        {
          "dimension": "realistic",
          "displayOrder": 1,
          "optionId": "Q1.realistic",
          "responseKind": "signal",
          "text": "把一个小设备、工具或家里的东西亲手装好",
        },
        {
          "dimension": "investigative",
          "displayOrder": 2,
          "optionId": "Q1.investigative",
          "responseKind": "signal",
          "text": "搞清楚一个一直困惑你的问题到底是什么原因",
        },
        {
          "dimension": "artistic",
          "displayOrder": 3,
          "optionId": "Q1.artistic",
          "responseKind": "signal",
          "text": "做一张海报、视频、文章或其他表达作品",
        },
        {
          "dimension": "social",
          "displayOrder": 4,
          "optionId": "Q1.social",
          "responseKind": "signal",
          "text": "帮一个正遇到困难的人把问题理清楚",
        },
        {
          "dimension": null,
          "displayOrder": 5,
          "optionId": "Q1.uncertain",
          "responseKind": "uncertain",
          "text": "都差不多 / 很难判断",
        },
      ],
      "prompt": "如果突然多出半天空闲时间，下面这些事情都没做过，你第一反应更愿意选哪个？",
      "questionId": "Q1",
      "section": "interests",
    },
    {
      "kind": "fixed",
      "options": [
        {
          "dimension": "investigative",
          "displayOrder": 1,
          "optionId": "Q2.investigative",
          "responseKind": "signal",
          "text": "看销售、客流等信息，找出问题可能在哪里",
        },
        {
          "dimension": "artistic",
          "displayOrder": 2,
          "optionId": "Q2.artistic",
          "responseKind": "signal",
          "text": "重新设计店里的内容、展示或宣传方式",
        },
        {
          "dimension": "enterprising",
          "displayOrder": 3,
          "optionId": "Q2.enterprising",
          "responseKind": "signal",
          "text": "想办法吸引更多顾客，并推动方案真正执行",
        },
        {
          "dimension": "conventional",
          "displayOrder": 4,
          "optionId": "Q2.conventional",
          "responseKind": "signal",
          "text": "把库存、订单、流程这些东西整理清楚",
        },
        {
          "dimension": null,
          "displayOrder": 5,
          "optionId": "Q2.uncertain",
          "responseKind": "uncertain",
          "text": "很难判断",
        },
      ],
      "prompt": "朋友的小店最近经营一般，如果他说“你随便挑一件事情帮我”，你更愿意：",
      "questionId": "Q2",
      "section": "interests",
    },
    {
      "kind": "fixed",
      "options": [
        {
          "dimension": "social",
          "displayOrder": 1,
          "optionId": "Q3.social",
          "responseKind": "signal",
          "text": "接待新人，帮助别人参与进去",
        },
        {
          "dimension": "realistic",
          "displayOrder": 2,
          "optionId": "Q3.realistic",
          "responseKind": "signal",
          "text": "负责设备、布置、拍摄或现场操作",
        },
        {
          "dimension": "conventional",
          "displayOrder": 3,
          "optionId": "Q3.conventional",
          "responseKind": "signal",
          "text": "安排名单、时间、物料与流程",
        },
        {
          "dimension": "enterprising",
          "displayOrder": 4,
          "optionId": "Q3.enterprising",
          "responseKind": "signal",
          "text": "组织大家，把事情往前推进",
        },
        {
          "dimension": null,
          "displayOrder": 5,
          "optionId": "Q3.uncertain",
          "responseKind": "uncertain",
          "text": "很难判断",
        },
      ],
      "prompt": "参加一个临时活动，现场需要有人承担不同角色，你更愿意：",
      "questionId": "Q3",
      "section": "interests",
    },
    {
      "kind": "fixed",
      "options": [
        {
          "dimension": "artistic",
          "displayOrder": 1,
          "optionId": "Q4.artistic",
          "responseKind": "signal",
          "text": "想想它还能不能被用来做一些新的东西",
        },
        {
          "dimension": "enterprising",
          "displayOrder": 2,
          "optionId": "Q4.enterprising",
          "responseKind": "signal",
          "text": "想想它能解决谁的问题、产生什么价值",
        },
        {
          "dimension": "investigative",
          "displayOrder": 3,
          "optionId": "Q4.investigative",
          "responseKind": "signal",
          "text": "搞清楚它为什么这样工作、原理是什么",
        },
        {
          "dimension": "realistic",
          "displayOrder": 4,
          "optionId": "Q4.realistic",
          "responseKind": "signal",
          "text": "直接动手试，看能不能把它运行起来",
        },
        {
          "dimension": null,
          "displayOrder": 5,
          "optionId": "Q4.uncertain",
          "responseKind": "uncertain",
          "text": "很难判断",
        },
      ],
      "prompt": "拿到一个完全陌生的新工具，第一件真正吸引你的事情更可能是：",
      "questionId": "Q4",
      "section": "interests",
    },
    {
      "kind": "fixed",
      "options": [
        {
          "dimension": "enterprising",
          "displayOrder": 1,
          "optionId": "Q5.enterprising",
          "responseKind": "signal",
          "text": "从里面判断什么最重要，并推动下一步决定",
        },
        {
          "dimension": "conventional",
          "displayOrder": 2,
          "optionId": "Q5.conventional",
          "responseKind": "signal",
          "text": "分类、整理、建立清晰规则",
        },
        {
          "dimension": "social",
          "displayOrder": 3,
          "optionId": "Q5.social",
          "responseKind": "signal",
          "text": "把它解释成别人一看就明白的内容",
        },
        {
          "dimension": "investigative",
          "displayOrder": 4,
          "optionId": "Q5.investigative",
          "responseKind": "signal",
          "text": "找出其中隐藏的规律、异常或原因",
        },
        {
          "dimension": null,
          "displayOrder": 5,
          "optionId": "Q5.uncertain",
          "responseKind": "uncertain",
          "text": "很难判断",
        },
      ],
      "prompt": "面对一批很乱的信息，如果必须选一个任务，你更愿意：",
      "questionId": "Q5",
      "section": "interests",
    },
    {
      "kind": "fixed",
      "options": [
        {
          "dimension": "conventional",
          "displayOrder": 1,
          "optionId": "Q6.conventional",
          "responseKind": "signal",
          "text": "它背后的流程、规则和体系是怎样运转的",
        },
        {
          "dimension": "social",
          "displayOrder": 2,
          "optionId": "Q6.social",
          "responseKind": "signal",
          "text": "这个领域怎样真正帮助到某类人",
        },
        {
          "dimension": "realistic",
          "displayOrder": 3,
          "optionId": "Q6.realistic",
          "responseKind": "signal",
          "text": "能不能学会里面的工具、设备或实际操作",
        },
        {
          "dimension": "artistic",
          "displayOrder": 4,
          "optionId": "Q6.artistic",
          "responseKind": "signal",
          "text": "能不能用自己的方式创造出一些新东西",
        },
        {
          "dimension": null,
          "displayOrder": 5,
          "optionId": "Q6.uncertain",
          "responseKind": "uncertain",
          "text": "很难判断",
        },
      ],
      "prompt": "进入一个完全陌生的领域，最容易让你好奇的是：",
      "questionId": "Q6",
      "section": "interests",
    },
    {
      "kind": "fixed",
      "options": [
        {
          "dimension": "investigate",
          "displayOrder": 1,
          "optionId": "Q7.investigate",
          "responseKind": "signal",
          "text": "先找数据、反馈和事实，看问题到底发生在哪里",
        },
        {
          "dimension": "structure",
          "displayOrder": 2,
          "optionId": "Q7.structure",
          "responseKind": "signal",
          "text": "先把目标、问题、信息、方案整理成一个框架",
        },
        {
          "dimension": "create",
          "displayOrder": 3,
          "optionId": "Q7.create",
          "responseKind": "signal",
          "text": "先想几个完全不同的新方案，看有没有新突破口",
        },
        {
          "dimension": "execute",
          "displayOrder": 4,
          "optionId": "Q7.execute",
          "responseKind": "signal",
          "text": "先做出一个能运行的小版本，再根据结果修改",
        },
        {
          "dimension": "collaborate",
          "displayOrder": 5,
          "optionId": "Q7.collaborate",
          "responseKind": "signal",
          "text": "先找用户或相关同事聊，理解他们到底遇到了什么",
        },
        {
          "dimension": "influence",
          "displayOrder": 6,
          "optionId": "Q7.influence",
          "responseKind": "signal",
          "text": "先确认谁能决定这件事，以及怎样让关键人接受方案",
        },
        {
          "dimension": null,
          "displayOrder": 7,
          "optionId": "Q7.uncertain",
          "responseKind": "uncertain",
          "text": "很难判断",
        },
      ],
      "prompt": "领导给你一个很模糊的任务：

“最近用户好像不太满意，你看看怎么改善，明天下午跟我说一下。”

没有更多要求。

你的第一反应最可能是：",
      "questionId": "Q7",
      "section": "behavior",
    },
    {
      "kind": "fixed",
      "options": [
        {
          "dimension": "structure",
          "displayOrder": 1,
          "optionId": "Q8.structure",
          "responseKind": "signal",
          "text": "重做流程、模板或规则，让以后不容易再出错",
        },
        {
          "dimension": "create",
          "displayOrder": 2,
          "optionId": "Q8.create",
          "responseKind": "signal",
          "text": "想一种与现在完全不同的做法",
        },
        {
          "dimension": "execute",
          "displayOrder": 3,
          "optionId": "Q8.execute",
          "responseKind": "signal",
          "text": "直接解决目前最大的卡点，让本轮先跑顺",
        },
        {
          "dimension": "collaborate",
          "displayOrder": 4,
          "optionId": "Q8.collaborate",
          "responseKind": "signal",
          "text": "找真正使用这个流程的人聊，弄清楚他们为什么这么做",
        },
        {
          "dimension": "influence",
          "displayOrder": 5,
          "optionId": "Q8.influence",
          "responseKind": "signal",
          "text": "找相关负责人推动大家统一采用新的方式",
        },
        {
          "dimension": "investigate",
          "displayOrder": 6,
          "optionId": "Q8.investigate",
          "responseKind": "signal",
          "text": "查过去几次错误，找到反复出问题的根因",
        },
        {
          "dimension": null,
          "displayOrder": 7,
          "optionId": "Q8.uncertain",
          "responseKind": "uncertain",
          "text": "很难判断",
        },
      ],
      "prompt": "一项工作反复出错。

团队每个月都要做一次，大家已经习惯了，但你发现总是在同样几个地方浪费时间。

你最自然想做的是：",
      "questionId": "Q8",
      "section": "behavior",
    },
    {
      "kind": "fixed",
      "options": [
        {
          "dimension": "create",
          "displayOrder": 1,
          "optionId": "Q9.create",
          "responseKind": "signal",
          "text": "用图、故事、例子或者新的表达方式重新呈现",
        },
        {
          "dimension": "execute",
          "displayOrder": 2,
          "optionId": "Q9.execute",
          "responseKind": "signal",
          "text": "先做一版能直接拿去用的东西",
        },
        {
          "dimension": "collaborate",
          "displayOrder": 3,
          "optionId": "Q9.collaborate",
          "responseKind": "signal",
          "text": "先想听众最难理解什么，再按他们的视角重新解释",
        },
        {
          "dimension": "influence",
          "displayOrder": 4,
          "optionId": "Q9.influence",
          "responseKind": "signal",
          "text": "先明确最后希望听众接受什么判断或采取什么行动",
        },
        {
          "dimension": "investigate",
          "displayOrder": 5,
          "optionId": "Q9.investigate",
          "responseKind": "signal",
          "text": "找出最关键的结论以及支撑它的证据",
        },
        {
          "dimension": "structure",
          "displayOrder": 6,
          "optionId": "Q9.structure",
          "responseKind": "signal",
          "text": "重组内容，把它变成几个清晰层级",
        },
        {
          "dimension": null,
          "displayOrder": 7,
          "optionId": "Q9.uncertain",
          "responseKind": "uncertain",
          "text": "很难判断",
        },
      ],
      "prompt": "你收到一份很长、很乱的资料，半小时后要向别人说明。

你的自然做法更接近：",
      "questionId": "Q9",
      "section": "behavior",
    },
    {
      "kind": "fixed",
      "options": [
        {
          "dimension": "execute",
          "displayOrder": 1,
          "optionId": "Q10.execute",
          "responseKind": "signal",
          "text": "做一个最小尝试，先拿到真实反馈",
        },
        {
          "dimension": "collaborate",
          "displayOrder": 2,
          "optionId": "Q10.collaborate",
          "responseKind": "signal",
          "text": "去找真正处在这个问题中的人交流",
        },
        {
          "dimension": "influence",
          "displayOrder": 3,
          "optionId": "Q10.influence",
          "responseKind": "signal",
          "text": "找可能的合作方、客户或资源方，看能不能推动起来",
        },
        {
          "dimension": "investigate",
          "displayOrder": 4,
          "optionId": "Q10.investigate",
          "responseKind": "signal",
          "text": "搜集信息，判断这个机会究竟是不是真的",
        },
        {
          "dimension": "structure",
          "displayOrder": 5,
          "optionId": "Q10.structure",
          "responseKind": "signal",
          "text": "把未知因素拆开，列出验证顺序",
        },
        {
          "dimension": "create",
          "displayOrder": 6,
          "optionId": "Q10.create",
          "responseKind": "signal",
          "text": "根据现有信息先想一个与众不同的解决方案",
        },
        {
          "dimension": null,
          "displayOrder": 7,
          "optionId": "Q10.uncertain",
          "responseKind": "uncertain",
          "text": "很难判断",
        },
      ],
      "prompt": "发现一个可能不错的新机会。

现在信息很少，也没人告诉你应该怎么做。

你更容易先：",
      "questionId": "Q10",
      "section": "behavior",
    },
    {
      "kind": "fixed",
      "options": [
        {
          "dimension": "independence",
          "displayOrder": 1,
          "optionId": "Q11.independence",
          "responseKind": "signal",
          "text": "我能决定用什么方式完成工作",
        },
        {
          "dimension": "achievement",
          "displayOrder": 2,
          "optionId": "Q11.achievement",
          "responseKind": "signal",
          "text": "我能不断解决更难的问题、明显感觉自己在成长",
        },
        {
          "dimension": "relationships",
          "displayOrder": 3,
          "optionId": "Q11.relationships",
          "responseKind": "signal",
          "text": "工作能真正帮助别人，而且人与人之间关系不错",
        },
        {
          "dimension": "support",
          "displayOrder": 4,
          "optionId": "Q11.support",
          "responseKind": "signal",
          "text": "有靠谱的领导、团队和资源支持我把事情做好",
        },
        {
          "dimension": "recognition",
          "displayOrder": 5,
          "optionId": "Q11.recognition",
          "responseKind": "signal",
          "text": "做得好会被看见，并得到更大的影响力或机会",
        },
        {
          "dimension": "workingConditions",
          "displayOrder": 6,
          "optionId": "Q11.workingConditions",
          "responseKind": "signal",
          "text": "工作比较稳定，时间、环境和生活状态可以长期承受",
        },
        {
          "dimension": null,
          "displayOrder": 7,
          "optionId": "Q11.uncertain",
          "responseKind": "uncertain",
          "text": "暂时判断不了",
        },
      ],
      "prompt": "两份工作收入差不多。

如果只能保证下面一个条件，你最难放弃哪个？",
      "questionId": "Q11",
      "section": "values",
    },
    {
      "kind": "fixed",
      "options": [
        {
          "dimension": "relationships",
          "displayOrder": 1,
          "optionId": "Q12.relationships",
          "responseKind": "signal",
          "text": "更有意义的人际或助人价值",
        },
        {
          "dimension": "support",
          "displayOrder": 2,
          "optionId": "Q12.support",
          "responseKind": "signal",
          "text": "更好的领导和团队支持",
        },
        {
          "dimension": "recognition",
          "displayOrder": 3,
          "optionId": "Q12.recognition",
          "responseKind": "signal",
          "text": "更大的认可、晋升和影响空间",
        },
        {
          "dimension": "workingConditions",
          "displayOrder": 4,
          "optionId": "Q12.workingConditions",
          "responseKind": "signal",
          "text": "更稳定、更可持续的工作条件",
        },
        {
          "dimension": "independence",
          "displayOrder": 5,
          "optionId": "Q12.independence",
          "responseKind": "signal",
          "text": "更大的自主权",
        },
        {
          "dimension": "achievement",
          "displayOrder": 6,
          "optionId": "Q12.achievement",
          "responseKind": "signal",
          "text": "更大的挑战和成长空间",
        },
        {
          "dimension": null,
          "displayOrder": 7,
          "optionId": "Q12.uncertain",
          "responseKind": "uncertain",
          "text": "不确定",
        },
      ],
      "prompt": "为了一个明显更好的工作机会，下面哪一种改善最值得你承受一段时间的适应成本？",
      "questionId": "Q12",
      "section": "values",
    },
    {
      "kind": "fixed",
      "options": [
        {
          "dimension": "recognition",
          "displayOrder": 1,
          "optionId": "Q13.recognition",
          "responseKind": "signal",
          "text": "我的成果被市场或组织看见，拥有更大的影响力",
        },
        {
          "dimension": "workingConditions",
          "displayOrder": 2,
          "optionId": "Q13.workingConditions",
          "responseKind": "signal",
          "text": "我建立了稳定、可持续而且生活质量不错的状态",
        },
        {
          "dimension": "independence",
          "displayOrder": 3,
          "optionId": "Q13.independence",
          "responseKind": "signal",
          "text": "我已经拥有很强的自主能力，可以独立做决定",
        },
        {
          "dimension": "achievement",
          "displayOrder": 4,
          "optionId": "Q13.achievement",
          "responseKind": "signal",
          "text": "我解决过真正困难的问题，能力明显提高",
        },
        {
          "dimension": "relationships",
          "displayOrder": 5,
          "optionId": "Q13.relationships",
          "responseKind": "signal",
          "text": "我确实帮助或影响过一些人",
        },
        {
          "dimension": "support",
          "displayOrder": 6,
          "optionId": "Q13.support",
          "responseKind": "signal",
          "text": "我在一个值得信任的团队里建立了扎实基础",
        },
        {
          "dimension": null,
          "displayOrder": 7,
          "optionId": "Q13.uncertain",
          "responseKind": "uncertain",
          "text": "很难判断",
        },
      ],
      "prompt": "三年以后回头看，哪一种结果最容易让你觉得：

“这三年没有白过。”",
      "questionId": "Q13",
      "section": "values",
    },
    {
      "kind": "fixed",
      "options": [
        {
          "dimension": "structure",
          "displayOrder": 1,
          "optionId": "Q14.structure",
          "responseKind": "signal",
          "text": "把混乱的信息、文件、流程整理清楚",
        },
        {
          "dimension": "investigate",
          "displayOrder": 2,
          "optionId": "Q14.investigate",
          "responseKind": "signal",
          "text": "发现问题以后，总想搞清楚原因",
        },
        {
          "dimension": "create",
          "displayOrder": 3,
          "optionId": "Q14.create",
          "responseKind": "signal",
          "text": "看到普通的东西，会想能不能换一种方式表达或改造",
        },
        {
          "dimension": "collaborate",
          "displayOrder": 4,
          "optionId": "Q14.collaborate",
          "responseKind": "signal",
          "text": "别人遇到问题时，会自然想理解、解释或帮忙",
        },
        {
          "dimension": "execute_influence",
          "displayOrder": 5,
          "optionId": "Q14.execute_influence",
          "responseKind": "signal",
          "text": "看到事情一直没结果，会想推动它赶紧发生",
        },
        {
          "dimension": "hands_on",
          "displayOrder": 6,
          "optionId": "Q14.hands_on",
          "responseKind": "signal",
          "text": "遇到坏掉、不顺手或没做好的东西，会想自己动手弄一下",
        },
        {
          "dimension": null,
          "displayOrder": 7,
          "optionId": "Q14.none",
          "responseKind": "none",
          "text": "想不起来 / 好像都没有",
        },
      ],
      "prompt": "只想最近半年。

有没有某一类事情，即使没人要求你，你看到以后也比较容易主动去处理？",
      "questionId": "Q14",
      "section": "recent",
    },
    {
      "dimensions": [
        "investigative",
        "artistic",
      ],
      "kind": "followup",
      "options": [
        {
          "dimension": "investigative",
          "displayOrder": 1,
          "optionId": "FI-IA.investigative",
          "responseKind": "signal",
          "text": "找资料核对事实，弄清它为什么会这样",
        },
        {
          "dimension": "artistic",
          "displayOrder": 2,
          "optionId": "FI-IA.artistic",
          "responseKind": "signal",
          "text": "做一种自己的表达，尝试新的呈现方式",
        },
        {
          "dimension": null,
          "displayOrder": 3,
          "optionId": "FI-IA.uncertain",
          "responseKind": "uncertain",
          "text": "都可能／暂时分不清",
        },
      ],
      "pairKey": "interests:analysis_research|creative_expression",
      "prompt": "有一小时探索一个陌生话题，且不要求最后交付，你更愿意把时间花在哪里？",
      "questionId": "FI-IA",
      "section": "interests",
      "themePairKey": "analysis_research|creative_expression",
    },
    {
      "dimensions": [
        "investigative",
        "conventional",
      ],
      "kind": "followup",
      "options": [
        {
          "dimension": "investigative",
          "displayOrder": 1,
          "optionId": "FI-IC.investigative",
          "responseKind": "signal",
          "text": "追查异常的原因，检验可能的解释",
        },
        {
          "dimension": "conventional",
          "displayOrder": 2,
          "optionId": "FI-IC.conventional",
          "responseKind": "signal",
          "text": "统一分类与命名，让资料容易查找使用",
        },
        {
          "dimension": null,
          "displayOrder": 3,
          "optionId": "FI-IC.uncertain",
          "responseKind": "uncertain",
          "text": "都可能／暂时分不清",
        },
      ],
      "pairKey": "interests:analysis_research|structure_system",
      "prompt": "一批资料既杂乱又有异常，时间只够先做一件事，你更愿意？",
      "questionId": "FI-IC",
      "section": "interests",
      "themePairKey": "analysis_research|structure_system",
    },
    {
      "dimensions": [
        "artistic",
        "social",
      ],
      "kind": "followup",
      "options": [
        {
          "dimension": "artistic",
          "displayOrder": 1,
          "optionId": "FI-AS.artistic",
          "responseKind": "signal",
          "text": "自己制作一段图文或视频，试出有新意的表达",
        },
        {
          "dimension": "social",
          "displayOrder": 2,
          "optionId": "FI-AS.social",
          "responseKind": "signal",
          "text": "与对方交流，根据他卡住的地方耐心解释",
        },
        {
          "dimension": null,
          "displayOrder": 3,
          "optionId": "FI-AS.uncertain",
          "responseKind": "uncertain",
          "text": "都可能／暂时分不清",
        },
      ],
      "pairKey": "interests:collaboration_helping|creative_expression",
      "prompt": "有人要理解一个新概念，两种任务都有人需要，你更愿意承担？",
      "questionId": "FI-AS",
      "section": "interests",
      "themePairKey": "collaboration_helping|creative_expression",
    },
    {
      "dimensions": [
        "social",
        "enterprising",
      ],
      "kind": "followup",
      "options": [
        {
          "dimension": "social",
          "displayOrder": 1,
          "optionId": "FI-SE.social",
          "responseKind": "signal",
          "text": "了解参与者的困难，帮助他们顺利参与",
        },
        {
          "dimension": "enterprising",
          "displayOrder": 2,
          "optionId": "FI-SE.enterprising",
          "responseKind": "signal",
          "text": "联系资源和合作方，争取支持把项目推起来",
        },
        {
          "dimension": null,
          "displayOrder": 3,
          "optionId": "FI-SE.uncertain",
          "responseKind": "uncertain",
          "text": "都可能／暂时分不清",
        },
      ],
      "pairKey": "interests:collaboration_helping|influence_persuasion",
      "prompt": "一个社区项目刚开始，你更愿意先投入哪件事？",
      "questionId": "FI-SE",
      "section": "interests",
      "themePairKey": "collaboration_helping|influence_persuasion",
    },
    {
      "dimensions": [
        "realistic",
        "investigative",
      ],
      "kind": "followup",
      "options": [
        {
          "dimension": "realistic",
          "displayOrder": 1,
          "optionId": "FI-RI.realistic",
          "responseKind": "signal",
          "text": "按说明操作、调整零件，亲手尝试恢复运行",
        },
        {
          "dimension": "investigative",
          "displayOrder": 2,
          "optionId": "FI-RI.investigative",
          "responseKind": "signal",
          "text": "查看现象与记录，推理故障可能的原因",
        },
        {
          "dimension": null,
          "displayOrder": 3,
          "optionId": "FI-RI.uncertain",
          "responseKind": "uncertain",
          "text": "都可能／暂时分不清",
        },
      ],
      "pairKey": "interests:analysis_research|hands_on_problem_solving",
      "prompt": "一个陌生装置无法正常工作，环境安全且可以随意试验，你更愿意？",
      "questionId": "FI-RI",
      "section": "interests",
      "themePairKey": "analysis_research|hands_on_problem_solving",
    },
    {
      "dimensions": [
        "conventional",
        "enterprising",
      ],
      "kind": "followup",
      "options": [
        {
          "dimension": "conventional",
          "displayOrder": 1,
          "optionId": "FI-CE.conventional",
          "responseKind": "signal",
          "text": "把预算、物料、时间和分工登记清楚",
        },
        {
          "dimension": "enterprising",
          "displayOrder": 2,
          "optionId": "FI-CE.enterprising",
          "responseKind": "signal",
          "text": "找关键参与者沟通，争取资源并推动决定",
        },
        {
          "dimension": null,
          "displayOrder": 3,
          "optionId": "FI-CE.uncertain",
          "responseKind": "uncertain",
          "text": "都可能／暂时分不清",
        },
      ],
      "pairKey": "interests:influence_persuasion|structure_system",
      "prompt": "一个小团队准备启动活动，你更愿意先承担？",
      "questionId": "FI-CE",
      "section": "interests",
      "themePairKey": "influence_persuasion|structure_system",
    },
    {
      "dimensions": [
        "investigate",
        "structure",
      ],
      "kind": "followup",
      "options": [
        {
          "dimension": "investigate",
          "displayOrder": 1,
          "optionId": "FB-IS.investigate",
          "responseKind": "signal",
          "text": "核对几个关键问题的证据与原因",
        },
        {
          "dimension": "structure",
          "displayOrder": 2,
          "optionId": "FB-IS.structure",
          "responseKind": "signal",
          "text": "先给问题分类，建立清晰的处理框架",
        },
        {
          "dimension": null,
          "displayOrder": 3,
          "optionId": "FB-IS.uncertain",
          "responseKind": "uncertain",
          "text": "都可能／暂时分不清",
        },
      ],
      "pairKey": "behavior:analysis_research|structure_system",
      "prompt": "收到一份杂乱的问题清单，只能先做一步，你更自然会？",
      "questionId": "FB-IS",
      "section": "behavior",
      "themePairKey": "analysis_research|structure_system",
    },
    {
      "dimensions": [
        "create",
        "execute",
      ],
      "kind": "followup",
      "options": [
        {
          "dimension": "create",
          "displayOrder": 1,
          "optionId": "FB-CE.create",
          "responseKind": "signal",
          "text": "构思两三种不同方案，寻找新的切入点",
        },
        {
          "dimension": "execute",
          "displayOrder": 2,
          "optionId": "FB-CE.execute",
          "responseKind": "signal",
          "text": "做一个最简可用版本，尽快看看实际反馈",
        },
        {
          "dimension": null,
          "displayOrder": 3,
          "optionId": "FB-CE.uncertain",
          "responseKind": "uncertain",
          "text": "都可能／暂时分不清",
        },
      ],
      "pairKey": "behavior:action_iteration|creative_expression",
      "prompt": "要改善一项体验，时间有限，你更自然会先？",
      "questionId": "FB-CE",
      "section": "behavior",
      "themePairKey": "action_iteration|creative_expression",
    },
    {
      "dimensions": [
        "collaborate",
        "influence",
      ],
      "kind": "followup",
      "options": [
        {
          "dimension": "collaborate",
          "displayOrder": 1,
          "optionId": "FB-CI.collaborate",
          "responseKind": "signal",
          "text": "听取各方困难，让彼此理解需要",
        },
        {
          "dimension": "influence",
          "displayOrder": 2,
          "optionId": "FB-CI.influence",
          "responseKind": "signal",
          "text": "找到关键决策者，推动明确承诺与下一步",
        },
        {
          "dimension": null,
          "displayOrder": 3,
          "optionId": "FB-CI.uncertain",
          "responseKind": "uncertain",
          "text": "都可能／暂时分不清",
        },
      ],
      "pairKey": "behavior:collaboration_helping|influence_persuasion",
      "prompt": "方案需要多人参与但尚未达成共识，你更自然会先？",
      "questionId": "FB-CI",
      "section": "behavior",
      "themePairKey": "collaboration_helping|influence_persuasion",
    },
  ],
  "scanVersion": "advantage-scan-v1.1",
}
`;
